// Jest Snapshot v1, https://goo.gl/fbAQLP

exports[`BannerAbout render renders BannerAbout unchanged 1`] = `
<div>
  <div
    class="relative flex flex-col justify-center items-center pt-22"
  >
    <img
      alt=""
      class="hidden lg:block w-full h-auto"
      data-nimg="1"
      decoding="async"
      height="40"
      loading="lazy"
      src="/_next/image?url=%2Fimg.jpg&w=96&q=75"
      srcset="/_next/image?url=%2Fimg.jpg&w=48&q=75 1x, /_next/image?url=%2Fimg.jpg&w=96&q=75 2x"
      style="color: transparent;"
      width="40"
    />
    <img
      alt=""
      class="lg:hidden w-full"
      data-nimg="1"
      decoding="async"
      height="40"
      loading="lazy"
      src="/_next/image?url=%2Fimg.jpg&w=96&q=75"
      srcset="/_next/image?url=%2Fimg.jpg&w=48&q=75 1x, /_next/image?url=%2Fimg.jpg&w=96&q=75 2x"
      style="color: transparent;"
      width="40"
    />
    <div
      class="absolute text-white flex flex-col items-center w-full gap-8 px-4"
    >
      <h2
        class="max-w-[387px] text-center text-2xl font-bold lg:max-w-4xl lg:m-auto xl:text-5xl"
      >
        Missão de Saúde: Fornecendo Excelência em Medicamentos e Materiais Médicos
      </h2>
      <p
        class="text-sm lg:text-base lg:max-w-4xl lg:m-auto text-center font-light"
      >
        Bem-vindo à MEDICALL FARMA, sua parceira dedicada na entrega de soluções de saúde excepcionais. Com uma visão centrada no bem-estar, estamos comprometidos em fornecer medicamentos e materiais médicos de qualidade superior, promovendo a excelência no cuidado médico. Descubra mais sobre nossa história, valores e o compromisso que temos em impulsionar a saúde e o progresso na comunidade médica.
      </p>
    </div>
  </div>
</div>
`;
